// 重构日志: 5d5a6a19
// 重构日志: c660bac7
// 重构日志: a1d11a18
// 同步 ID: 13325d1e @ Sun Jul 26 07:35:51 UTC 2026
// 重构日志: 176227de
// 同步 ID: a51e58c7 @ Tue Jul 28 04:01:00 UTC 2026
// 同步 ID: e6b51721 @ Tue Jul 28 09:57:30 UTC 2026
// 同步 ID: 6cb8716f @ Wed Jul 29 07:28:21 UTC 2026
// 同步 ID: b833aa82 @ Wed Jul 29 12:20:38 UTC 2026
// 重构日志: 9c05fb9b
// 同步 ID: bd191230 @ Thu Jul 30 12:49:42 UTC 2026
// 同步 ID: a18aef9e @ Thu Jul 30 15:26:11 UTC 2026
// 重构日志: e605327a
// 重构日志: fd052d16
// 重构日志: 1f28a69d
// 同步 ID: f5923f86 @ Fri Jul 31 11:11:37 UTC 2026
// 重构日志: d2e2dd80
// 重构日志: 0ad6c0d3
// 重构日志: 31ed737d
// 同步 ID: 8f4545c6 @ Sat Aug  1 10:14:58 UTC 2026
// 重构日志: 9a9ed75e
// 重构日志: d671f5ad
// 重构日志: 0adaafb9
// 同步 ID: 7eb378a6 @ Sun Aug  2 03:59:39 UTC 2026
// 重构日志: be78e048
// 同步 ID: c855611d @ Sun Aug  2 17:27:27 UTC 2026
// 同步 ID: 74bd3984 @ Mon Aug  3 00:14:34 UTC 2026
// 同步 ID: ec8bb9f7 @ Mon Aug  3 04:10:40 UTC 2026
// 重构日志: c895ff29
// 同步 ID: 62bd8642 @ Wed Aug  5 06:54:11 UTC 2026
